{
  "Entries": [
    {
      "RequestUri": "https://management.azure.com/subscriptions/db1ab6f0-4769-4b27-930e-01e2ef9c123c?api-version=2019-11-01",
      "RequestMethod": "GET",
      "RequestHeaders": {
        "Accept": "application/json",
        "Authorization": "Sanitized",
        "User-Agent": "azsdk-net-ResourceManager.Resources/1.0.0-preview.2 (.NET Framework 4.8.4300.0; Microsoft Windows 10.0.19042 )",
        "x-ms-client-request-id": "dcf3bc7c7c526c42606b4f8bbe125c8b",
        "x-ms-return-client-request-id": "true"
      },
      "RequestBody": null,
      "StatusCode": 200,
      "ResponseHeaders": {
        "Cache-Control": "no-cache",
        "Content-Length": "397",
        "Content-Type": "application/json; charset=utf-8",
        "Date": "Mon, 05 Apr 2021 19:36:38 GMT",
        "Expires": "-1",
        "Pragma": "no-cache",
        "Strict-Transport-Security": "max-age=31536000; includeSubDomains",
        "X-Content-Type-Options": "nosniff",
        "x-ms-correlation-request-id": "54157b49-a9b0-43b9-a94c-f8dec0734344",
        "x-ms-ratelimit-remaining-subscription-reads": "11999",
        "x-ms-request-id": "54157b49-a9b0-43b9-a94c-f8dec0734344",
        "x-ms-routing-request-id": "WESTUS2:20210405T193638Z:54157b49-a9b0-43b9-a94c-f8dec0734344"
      },
      "ResponseBody": {
        "id": "/subscriptions/db1ab6f0-4769-4b27-930e-01e2ef9c123c",
        "authorizationSource": "RoleBased",
        "managedByTenants": [],
        "subscriptionId": "db1ab6f0-4769-4b27-930e-01e2ef9c123c",
        "tenantId": "72f988bf-86f1-41af-91ab-2d7cd011db47",
        "displayName": "Azure SDK sandbox",
        "state": "Enabled",
        "subscriptionPolicies": {
          "locationPlacementId": "Internal_2014-09-01",
          "quotaId": "Internal_2014-09-01",
          "spendingLimit": "Off"
        }
      }
    },
    {
      "RequestUri": "https://management.azure.com/subscriptions/db1ab6f0-4769-4b27-930e-01e2ef9c123c?api-version=2019-11-01",
      "RequestMethod": "GET",
      "RequestHeaders": {
        "Accept": "application/json",
        "Authorization": "Sanitized",
        "traceparent": "00-3bc652e3316a2045a4a9f92bd9b135ec-755d179b0364184b-00",
        "User-Agent": "azsdk-net-ResourceManager.Resources/1.0.0-preview.2 (.NET Framework 4.8.4300.0; Microsoft Windows 10.0.19042 )",
        "x-ms-client-request-id": "79a83b24b946fa1eda91a6de3f21361c",
        "x-ms-return-client-request-id": "true"
      },
      "RequestBody": null,
      "StatusCode": 200,
      "ResponseHeaders": {
        "Cache-Control": "no-cache",
        "Content-Length": "397",
        "Content-Type": "application/json; charset=utf-8",
        "Date": "Mon, 05 Apr 2021 19:36:38 GMT",
        "Expires": "-1",
        "Pragma": "no-cache",
        "Strict-Transport-Security": "max-age=31536000; includeSubDomains",
        "X-Content-Type-Options": "nosniff",
        "x-ms-correlation-request-id": "62935fdd-22a1-439e-91ee-43d0df6bfa7b",
        "x-ms-ratelimit-remaining-subscription-reads": "11997",
        "x-ms-request-id": "62935fdd-22a1-439e-91ee-43d0df6bfa7b",
        "x-ms-routing-request-id": "WESTUS2:20210405T193638Z:62935fdd-22a1-439e-91ee-43d0df6bfa7b"
      },
      "ResponseBody": {
        "id": "/subscriptions/db1ab6f0-4769-4b27-930e-01e2ef9c123c",
        "authorizationSource": "RoleBased",
        "managedByTenants": [],
        "subscriptionId": "db1ab6f0-4769-4b27-930e-01e2ef9c123c",
        "tenantId": "72f988bf-86f1-41af-91ab-2d7cd011db47",
        "displayName": "Azure SDK sandbox",
        "state": "Enabled",
        "subscriptionPolicies": {
          "locationPlacementId": "Internal_2014-09-01",
          "quotaId": "Internal_2014-09-01",
          "spendingLimit": "Off"
        }
      }
    },
    {
      "RequestUri": "https://management.azure.com/subscriptions/db1ab6f0-4769-4b27-930e-01e2ef9c123c/resourcegroups/testRg-898?api-version=2019-10-01",
      "RequestMethod": "PUT",
      "RequestHeaders": {
        "Accept": "application/json",
        "Authorization": "Sanitized",
        "Content-Length": "41",
        "Content-Type": "application/json",
        "traceparent": "00-e63eb9cc835dc14db3650aca05622939-13e38b992446b347-00",
        "User-Agent": "azsdk-net-ResourceManager.Resources/1.0.0-preview.2 (.NET Framework 4.8.4300.0; Microsoft Windows 10.0.19042 )",
        "x-ms-client-request-id": "a1d606a326c307d2193700faf3c6f174",
        "x-ms-return-client-request-id": "true"
      },
      "RequestBody": {
        "location": "South Central US",
        "tags": {}
      },
      "StatusCode": 201,
      "ResponseHeaders": {
        "Cache-Control": "no-cache",
        "Content-Length": "235",
        "Content-Type": "application/json; charset=utf-8",
        "Date": "Mon, 05 Apr 2021 19:36:40 GMT",
        "Expires": "-1",
        "Pragma": "no-cache",
        "Strict-Transport-Security": "max-age=31536000; includeSubDomains",
        "X-Content-Type-Options": "nosniff",
        "x-ms-correlation-request-id": "a4096a87-63a2-41ba-af1a-889007ebcfb6",
        "x-ms-ratelimit-remaining-subscription-writes": "1199",
        "x-ms-request-id": "a4096a87-63a2-41ba-af1a-889007ebcfb6",
        "x-ms-routing-request-id": "WESTUS2:20210405T193640Z:a4096a87-63a2-41ba-af1a-889007ebcfb6"
      },
      "ResponseBody": {
        "id": "/subscriptions/db1ab6f0-4769-4b27-930e-01e2ef9c123c/resourceGroups/testRg-898",
        "name": "testRg-898",
        "type": "Microsoft.Resources/resourceGroups",
        "location": "southcentralus",
        "tags": {},
        "properties": {
          "provisioningState": "Succeeded"
        }
      }
    }
  ],
  "Variables": {
    "RandomSeed": "1692308145",
    "SUBSCRIPTION_ID": "db1ab6f0-4769-4b27-930e-01e2ef9c123c"
  }
}