{
  "Entries": [
    {
      "RequestUri": "https://management.azure.com/subscriptions/db1ab6f0-4769-4b27-930e-01e2ef9c123c?api-version=2019-11-01",
      "RequestMethod": "GET",
      "RequestHeaders": {
        "Accept": "application/json",
        "Authorization": "Sanitized",
        "User-Agent": [
          "azsdk-net-ResourceManager.Resources/1.0.0-preview.2",
          "(.NET 5.0.4; Linux 5.4.72-microsoft-standard-WSL2 #1 SMP Wed Oct 28 23:40:43 UTC 2020)"
        ],
        "x-ms-client-request-id": "ec14594b771d45c4401870c8b7ee917c",
        "x-ms-return-client-request-id": "true"
      },
      "RequestBody": null,
      "StatusCode": 200,
      "ResponseHeaders": {
        "Cache-Control": "no-cache",
        "Content-Length": "397",
        "Content-Type": "application/json; charset=utf-8",
        "Date": "Fri, 26 Mar 2021 19:28:07 GMT",
        "Expires": "-1",
        "Pragma": "no-cache",
        "Strict-Transport-Security": "max-age=31536000; includeSubDomains",
        "X-Content-Type-Options": "nosniff",
        "x-ms-correlation-request-id": "cb55b867-1dc2-4896-936c-a518a6173d36",
        "x-ms-ratelimit-remaining-subscription-reads": "11988",
        "x-ms-request-id": "cb55b867-1dc2-4896-936c-a518a6173d36",
        "x-ms-routing-request-id": "WESTUS2:20210326T192807Z:cb55b867-1dc2-4896-936c-a518a6173d36"
      },
      "ResponseBody": {
        "id": "/subscriptions/db1ab6f0-4769-4b27-930e-01e2ef9c123c",
        "authorizationSource": "RoleBased",
        "managedByTenants": [],
        "subscriptionId": "db1ab6f0-4769-4b27-930e-01e2ef9c123c",
        "tenantId": "72f988bf-86f1-41af-91ab-2d7cd011db47",
        "displayName": "Azure SDK sandbox",
        "state": "Enabled",
        "subscriptionPolicies": {
          "locationPlacementId": "Internal_2014-09-01",
          "quotaId": "Internal_2014-09-01",
          "spendingLimit": "Off"
        }
      }
    },
    {
      "RequestUri": "https://management.azure.com/subscriptions/db1ab6f0-4769-4b27-930e-01e2ef9c123c?api-version=2019-11-01",
      "RequestMethod": "GET",
      "RequestHeaders": {
        "Accept": "application/json",
        "Authorization": "Sanitized",
        "User-Agent": [
          "azsdk-net-ResourceManager.Resources/1.0.0-preview.2",
          "(.NET 5.0.4; Linux 5.4.72-microsoft-standard-WSL2 #1 SMP Wed Oct 28 23:40:43 UTC 2020)"
        ],
        "x-ms-client-request-id": "d878f5cbbf1b0b9c7cba00b15a28e023",
        "x-ms-return-client-request-id": "true"
      },
      "RequestBody": null,
      "StatusCode": 200,
      "ResponseHeaders": {
        "Cache-Control": "no-cache",
        "Content-Length": "397",
        "Content-Type": "application/json; charset=utf-8",
        "Date": "Fri, 26 Mar 2021 19:28:07 GMT",
        "Expires": "-1",
        "Pragma": "no-cache",
        "Strict-Transport-Security": "max-age=31536000; includeSubDomains",
        "X-Content-Type-Options": "nosniff",
        "x-ms-correlation-request-id": "8abf1555-e691-4417-969e-28c4d62cb61b",
        "x-ms-ratelimit-remaining-subscription-reads": "11987",
        "x-ms-request-id": "8abf1555-e691-4417-969e-28c4d62cb61b",
        "x-ms-routing-request-id": "WESTUS2:20210326T192807Z:8abf1555-e691-4417-969e-28c4d62cb61b"
      },
      "ResponseBody": {
        "id": "/subscriptions/db1ab6f0-4769-4b27-930e-01e2ef9c123c",
        "authorizationSource": "RoleBased",
        "managedByTenants": [],
        "subscriptionId": "db1ab6f0-4769-4b27-930e-01e2ef9c123c",
        "tenantId": "72f988bf-86f1-41af-91ab-2d7cd011db47",
        "displayName": "Azure SDK sandbox",
        "state": "Enabled",
        "subscriptionPolicies": {
          "locationPlacementId": "Internal_2014-09-01",
          "quotaId": "Internal_2014-09-01",
          "spendingLimit": "Off"
        }
      }
    },
    {
      "RequestUri": "https://management.azure.com/subscriptions/db1ab6f0-4769-4b27-930e-01e2ef9c123c/providers/Microsoft.Compute?api-version=2019-10-01",
      "RequestMethod": "GET",
      "RequestHeaders": {
        "Accept": "application/json",
        "Authorization": "Sanitized",
        "User-Agent": [
          "azsdk-net-ResourceManager.Resources/1.0.0-preview.2",
          "(.NET 5.0.4; Linux 5.4.72-microsoft-standard-WSL2 #1 SMP Wed Oct 28 23:40:43 UTC 2020)"
        ],
        "x-ms-client-request-id": "678447d1a598319e1b84af2a4ed49966",
        "x-ms-return-client-request-id": "true"
      },
      "RequestBody": null,
      "StatusCode": 200,
      "ResponseHeaders": {
        "Cache-Control": "no-cache",
        "Content-Length": "44733",
        "Content-Type": "application/json; charset=utf-8",
        "Date": "Fri, 26 Mar 2021 19:28:07 GMT",
        "Expires": "-1",
        "Pragma": "no-cache",
        "Strict-Transport-Security": "max-age=31536000; includeSubDomains",
        "X-Content-Type-Options": "nosniff",
        "x-ms-correlation-request-id": "4635a933-d62a-4317-af9c-7bc14a72f0f8",
        "x-ms-ratelimit-remaining-subscription-reads": "11986",
        "x-ms-request-id": "4635a933-d62a-4317-af9c-7bc14a72f0f8",
        "x-ms-routing-request-id": "WESTUS2:20210326T192807Z:4635a933-d62a-4317-af9c-7bc14a72f0f8"
      },
      "ResponseBody": {
        "id": "/subscriptions/db1ab6f0-4769-4b27-930e-01e2ef9c123c/providers/Microsoft.Compute",
        "namespace": "Microsoft.Compute",
        "authorizations": [
          {
            "applicationId": "60e6cd67-9c8c-4951-9b3c-23c25a2169af",
            "roleDefinitionId": "e4770acb-272e-4dc8-87f3-12f44a612224"
          },
          {
            "applicationId": "a303894e-f1d8-4a37-bf10-67aa654a0596",
            "roleDefinitionId": "903ac751-8ad5-4e5a-bfc2-5e49f450a241"
          },
          {
            "applicationId": "a8b6bf88-1d1a-4626-b040-9a729ea93c65",
            "roleDefinitionId": "45c8267c-80ba-4b96-9a43-115b8f49fccd"
          },
          {
            "applicationId": "184909ca-69f1-4368-a6a7-c558ee6eb0bd",
            "roleDefinitionId": "45c8267c-80ba-4b96-9a43-115b8f49fccd"
          },
          {
            "applicationId": "5e5e43d4-54da-4211-86a4-c6e7f3715801",
            "roleDefinitionId": "ffcd6e5b-8772-457d-bb17-89703c03428f"
          },
          {
            "applicationId": "ce6ff14a-7fdc-4685-bbe0-f6afdfcfa8e0",
            "roleDefinitionId": "cb17cddc-dbac-4ae0-ae79-8db34eddfca0"
          },
          {
            "applicationId": "372140e0-b3b7-4226-8ef9-d57986796201",
            "roleDefinitionId": "cb17cddc-dbac-4ae0-ae79-8db34eddfca0"
          },
          {
            "applicationId": "b9a92e36-2cf8-4f4e-bcb3-9d99e00e14ab",
            "roleDefinitionId": "6efa92ca-56b6-40af-a468-5e3d2b5232f0"
          },
          {
            "applicationId": "579d9c9d-4c83-4efc-8124-7eba65ed3356",
            "roleDefinitionId": "8c99c4ce-d744-4597-a2f0-0a0044d67560"
          }
        ],
        "resourceTypes": [
          {
            "resourceType": "availabilitySets",
            "locations": [
              "East US",
              "East US 2",
              "West US",
              "Central US",
              "North Central US",
              "South Central US",
              "North Europe",
              "West Europe",
              "East Asia",
              "Southeast Asia",
              "Japan East",
              "Japan West",
              "Australia East",
              "Australia Southeast",
              "Australia Central",
              "Brazil South",
              "South India",
              "Central India",
              "West India",
              "Canada Central",
              "Canada East",
              "West US 2",
              "West Central US",
              "UK South",
              "UK West",
              "Korea Central",
              "Korea South",
              "France Central",
              "South Africa North",
              "UAE North",
              "Switzerland North",
              "Germany West Central",
              "Norway East"
            ],
            "apiVersions": [
              "2021-03-01",
              "2020-12-01",
              "2020-06-01",
              "2019-12-01",
              "2019-07-01",
              "2019-03-01",
              "2018-10-01",
              "2018-06-01",
              "2018-04-01",
              "2017-12-01",
              "2017-03-30",
              "2016-08-30",
              "2016-04-30-preview",
              "2016-03-30",
              "2015-06-15",
              "2015-05-01-preview"
            ],
            "defaultApiVersion": "2020-06-01",
            "apiProfiles": [
              {
                "profileVersion": "2017-03-09-profile",
                "apiVersion": "2016-03-30"
              },
              {
                "profileVersion": "2018-03-01-hybrid",
                "apiVersion": "2017-03-30"
              },
              {
                "profileVersion": "2018-06-01-profile",
                "apiVersion": "2017-12-01"
              }
            ],
            "capabilities": "CrossResourceGroupResourceMove, CrossSubscriptionResourceMove, SupportsTags, SupportsLocation"
          },
          {
            "resourceType": "virtualMachines",
            "locations": [
              "East US",
              "East US 2",
              "West US",
              "Central US",
              "North Central US",
              "South Central US",
              "North Europe",
              "West Europe",
              "East Asia",
              "Southeast Asia",
              "Japan East",
              "Japan West",
              "Australia East",
              "Australia Southeast",
              "Australia Central",
              "Brazil South",
              "South India",
              "Central India",
              "West India",
              "Canada Central",
              "Canada East",
              "West US 2",
              "West Central US",
              "UK South",
              "UK West",
              "Korea Central",
              "Korea South",
              "France Central",
              "South Africa North",
              "UAE North",
              "Switzerland North",
              "Germany West Central",
              "Norway East"
            ],
            "apiVersions": [
              "2021-03-01",
              "2020-12-01",
              "2020-06-01",
              "2019-12-01",
              "2019-07-01",
              "2019-03-01",
              "2018-10-01",
              "2018-06-01",
              "2018-04-01",
              "2017-12-01",
              "2017-03-30",
              "2016-08-30",
              "2016-04-30-preview",
              "2016-03-30",
              "2015-06-15",
              "2015-05-01-preview"
            ],
            "defaultApiVersion": "2020-06-01",
            "apiProfiles": [
              {
                "profileVersion": "2017-03-09-profile",
                "apiVersion": "2016-03-30"
              },
              {
                "profileVersion": "2018-03-01-hybrid",
                "apiVersion": "2017-03-30"
              },
              {
                "profileVersion": "2018-06-01-profile",
                "apiVersion": "2017-12-01"
              }
            ],
            "zoneMappings": [
              {
                "location": "East US 2",
                "zones": [
                  "2",
                  "1",
                  "3"
                ]
              },
              {
                "location": "Central US",
                "zones": [
                  "2",
                  "1",
                  "3"
                ]
              },
              {
                "location": "West Europe",
                "zones": [
                  "2",
                  "1",
                  "3"
                ]
              },
              {
                "location": "France Central",
                "zones": [
                  "2",
                  "1",
                  "3"
                ]
              },
              {
                "location": "Southeast Asia",
                "zones": [
                  "2",
                  "1",
                  "3"
                ]
              },
              {
                "location": "West US 2",
                "zones": [
                  "2",
                  "1",
                  "3"
                ]
              },
              {
                "location": "North Europe",
                "zones": [
                  "2",
                  "1",
                  "3"
                ]
              },
              {
                "location": "East US",
                "zones": [
                  "2",
                  "1",
                  "3"
                ]
              },
              {
                "location": "UK South",
                "zones": [
                  "2",
                  "1",
                  "3"
                ]
              },
              {
                "location": "Japan East",
                "zones": [
                  "2",
                  "1",
                  "3"
                ]
              },
              {
                "location": "Australia East",
                "zones": [
                  "2",
                  "1",
                  "3"
                ]
              },
              {
                "location": "South Africa North",
                "zones": []
              },
              {
                "location": "South Central US",
                "zones": [
                  "2",
                  "1",
                  "3"
                ]
              },
              {
                "location": "Canada Central",
                "zones": [
                  "2",
                  "1",
                  "3"
                ]
              },
              {
                "location": "Germany West Central",
                "zones": [
                  "2",
                  "1",
                  "3"
                ]
              },
              {
                "location": "Brazil South",
                "zones": [
                  "2",
                  "1",
                  "3"
                ]
              },
              {
                "location": "Central India",
                "zones": []
              },
              {
                "location": "Korea Central",
                "zones": []
              },
              {
                "location": "Norway East",
                "zones": []
              }
            ],
            "capabilities": "CrossResourceGroupResourceMove, CrossSubscriptionResourceMove, SystemAssignedResourceIdentity, SupportsTags, SupportsLocation"
          },
          {
            "resourceType": "virtualMachines/extensions",
            "locations": [
              "East US",
              "East US 2",
              "West US",
              "Central US",
              "North Central US",
              "South Central US",
              "North Europe",
              "West Europe",
              "East Asia",
              "Southeast Asia",
              "Japan East",
              "Japan West",
              "Australia East",
              "Australia Southeast",
              "Australia Central",
              "Brazil South",
              "South India",
              "Central India",
              "West India",
              "Canada Central",
              "Canada East",
              "West US 2",
              "West Central US",
              "UK South",
              "UK West",
              "Korea Central",
              "Korea South",
              "France Central",
              "South Africa North",
              "UAE North",
              "Switzerland North",
              "Germany West Central",
              "Norway East"
            ],
            "apiVersions": [
              "2021-03-01",
              "2020-12-01",
              "2020-06-01",
              "2019-12-01",
              "2019-07-01",
              "2019-03-01",
              "2018-10-01",
              "2018-06-01",
              "2018-04-01",
              "2017-12-01",
              "2017-03-30",
              "2016-08-30",
              "2016-04-30-preview",
              "2016-03-30",
              "2015-06-15",
              "2015-05-01-preview"
            ],
            "defaultApiVersion": "2020-06-01",
            "apiProfiles": [
              {
                "profileVersion": "2017-03-09-profile",
                "apiVersion": "2016-03-30"
              },
              {
                "profileVersion": "2018-03-01-hybrid",
                "apiVersion": "2017-03-30"
              },
              {
                "profileVersion": "2018-06-01-profile",
                "apiVersion": "2017-12-01"
              }
            ],
            "capabilities": "CrossResourceGroupResourceMove, CrossSubscriptionResourceMove, SupportsTags, SupportsLocation"
          },
          {
            "resourceType": "virtualMachineScaleSets",
            "locations": [
              "East US",
              "East US 2",
              "West US",
              "Central US",
              "North Central US",
              "South Central US",
              "North Europe",
              "West Europe",
              "East Asia",
              "Southeast Asia",
              "Japan East",
              "Japan West",
              "Australia East",
              "Australia Southeast",
              "Australia Central",
              "Brazil South",
              "South India",
              "Central India",
              "West India",
              "Canada Central",
              "Canada East",
              "West US 2",
              "West Central US",
              "UK South",
              "UK West",
              "Korea Central",
              "Korea South",
              "France Central",
              "South Africa North",
              "UAE North",
              "Switzerland North",
              "Germany West Central",
              "Norway East"
            ],
            "apiVersions": [
              "2021-03-01",
              "2020-12-01",
              "2020-06-01",
              "2019-12-01",
              "2019-07-01",
              "2019-03-01",
              "2018-10-01",
              "2018-06-01",
              "2018-04-01",
              "2017-12-01",
              "2017-10-30-preview",
              "2017-03-30",
              "2016-08-30",
              "2016-04-30-preview",
              "2016-03-30",
              "2015-06-15",
              "2015-05-01-preview"
            ],
            "defaultApiVersion": "2020-06-01",
            "apiProfiles": [
              {
                "profileVersion": "2017-03-09-profile",
                "apiVersion": "2016-03-30"
              },
              {
                "profileVersion": "2018-03-01-hybrid",
                "apiVersion": "2017-03-30"
              },
              {
                "profileVersion": "2018-06-01-profile",
                "apiVersion": "2017-12-01"
              }
            ],
            "zoneMappings": [
              {
                "location": "East US 2",
                "zones": [
                  "2",
                  "1",
                  "3"
                ]
              },
              {
                "location": "Central US",
                "zones": [
                  "2",
                  "1",
                  "3"
                ]
              },
              {
                "location": "West Europe",
                "zones": [
                  "2",
                  "1",
                  "3"
                ]
              },
              {
                "location": "France Central",
                "zones": [
                  "2",
                  "1",
                  "3"
                ]
              },
              {
                "location": "Southeast Asia",
                "zones": [
                  "2",
                  "1",
                  "3"
                ]
              },
              {
                "location": "West US 2",
                "zones": [
                  "2",
                  "1",
                  "3"
                ]
              },
              {
                "location": "North Europe",
                "zones": [
                  "2",
                  "1",
                  "3"
                ]
              },
              {
                "location": "East US",
                "zones": [
                  "2",
                  "1",
                  "3"
                ]
              },
              {
                "location": "UK South",
                "zones": [
                  "2",
                  "1",
                  "3"
                ]
              },
              {
                "location": "Japan East",
                "zones": [
                  "2",
                  "1",
                  "3"
                ]
              },
              {
                "location": "Australia East",
                "zones": [
                  "2",
                  "1",
                  "3"
                ]
              },
              {
                "location": "South Africa North",
                "zones": []
              },
              {
                "location": "South Central US",
                "zones": [
                  "2",
                  "1",
                  "3"
                ]
              },
              {
                "location": "Canada Central",
                "zones": [
                  "2",
                  "1",
                  "3"
                ]
              },
              {
                "location": "Germany West Central",
                "zones": [
                  "2",
                  "1",
                  "3"
                ]
              },
              {
                "location": "Brazil South",
                "zones": [
                  "2",
                  "1",
                  "3"
                ]
              },
              {
                "location": "Central India",
                "zones": []
              },
              {
                "location": "Korea Central",
                "zones": []
              },
              {
                "location": "Norway East",
                "zones": []
              }
            ],
            "capabilities": "CrossResourceGroupResourceMove, CrossSubscriptionResourceMove, SystemAssignedResourceIdentity, SupportsTags, SupportsLocation"
          },
          {
            "resourceType": "virtualMachineScaleSets/extensions",
            "locations": [
              "East US",
              "East US 2",
              "West US",
              "Central US",
              "North Central US",
              "South Central US",
              "North Europe",
              "West Europe",
              "East Asia",
              "Southeast Asia",
              "Japan East",
              "Japan West",
              "Australia East",
              "Australia Southeast",
              "Australia Central",
              "Brazil South",
              "South India",
              "Central India",
              "West India",
              "Canada Central",
              "Canada East",
              "West US 2",
              "West Central US",
              "UK South",
              "UK West",
              "Korea Central",
              "Korea South",
              "France Central",
              "South Africa North",
              "UAE North",
              "Switzerland North",
              "Germany West Central",
              "Norway East"
            ],
            "apiVersions": [
              "2021-03-01",
              "2020-12-01",
              "2020-06-01",
              "2019-12-01",
              "2019-07-01",
              "2019-03-01",
              "2018-10-01",
              "2018-06-01",
              "2018-04-01",
              "2017-12-01",
              "2017-10-30-preview",
              "2017-03-30",
              "2016-08-30",
              "2016-04-30-preview",
              "2016-03-30",
              "2015-06-15",
              "2015-05-01-preview"
            ],
            "defaultApiVersion": "2015-06-15",
            "apiProfiles": [
              {
                "profileVersion": "2017-03-09-profile",
                "apiVersion": "2016-03-30"
              },
              {
                "profileVersion": "2018-03-01-hybrid",
                "apiVersion": "2017-03-30"
              },
              {
                "profileVersion": "2018-06-01-profile",
                "apiVersion": "2017-12-01"
              }
            ],
            "capabilities": "None"
          },
          {
            "resourceType": "virtualMachineScaleSets/virtualMachines",
            "locations": [
              "East US",
              "East US 2",
              "West US",
              "Central US",
              "North Central US",
              "South Central US",
              "North Europe",
              "West Europe",
              "East Asia",
              "Southeast Asia",
              "Japan East",
              "Japan West",
              "Australia East",
              "Australia Southeast",
              "Australia Central",
              "Brazil South",
              "South India",
              "Central India",
              "West India",
              "Canada Central",
              "Canada East",
              "West US 2",
              "West Central US",
              "UK South",
              "UK West",
              "Korea Central",
              "Korea South",
              "France Central",
              "South Africa North",
              "UAE North",
              "Switzerland North",
              "Germany West Central",
              "Norway East"
            ],
            "apiVersions": [
              "2021-03-01",
              "2020-12-01",
              "2020-06-01",
              "2019-12-01",
              "2019-07-01",
              "2019-03-01",
              "2018-10-01",
              "2018-06-01",
              "2018-04-01",
              "2017-12-01",
              "2017-10-30-preview",
              "2017-03-30",
              "2016-08-30",
              "2016-04-30-preview",
              "2016-03-30",
              "2015-06-15",
              "2015-05-01-preview"
            ],
            "defaultApiVersion": "2020-06-01",
            "apiProfiles": [
              {
                "profileVersion": "2017-03-09-profile",
                "apiVersion": "2016-03-30"
              },
              {
                "profileVersion": "2018-03-01-hybrid",
                "apiVersion": "2017-03-30"
              },
              {
                "profileVersion": "2018-06-01-profile",
                "apiVersion": "2017-12-01"
              }
            ],
            "capabilities": "None"
          },
          {
            "resourceType": "virtualMachineScaleSets/virtualMachines/extensions",
            "locations": [
              "East US",
              "East US 2",
              "West US",
              "Central US",
              "North Central US",
              "South Central US",
              "North Europe",
              "West Europe",
              "East Asia",
              "Southeast Asia",
              "Japan East",
              "Japan West",
              "Australia East",
              "Australia Southeast",
              "Australia Central",
              "Brazil South",
              "South India",
              "Central India",
              "West India",
              "Canada Central",
              "Canada East",
              "West US 2",
              "West Central US",
              "UK South",
              "UK West",
              "Korea Central",
              "Korea South",
              "France Central",
              "South Africa North",
              "UAE North",
              "Switzerland North",
              "Germany West Central",
              "Norway East"
            ],
            "apiVersions": [
              "2021-03-01",
              "2020-12-01",
              "2020-06-01",
              "2019-12-01",
              "2019-07-01",
              "2019-03-01",
              "2018-10-01",
              "2018-06-01",
              "2018-04-01",
              "2017-12-01",
              "2017-10-30-preview",
              "2017-03-30",
              "2016-08-30",
              "2016-04-30-preview",
              "2016-03-30",
              "2015-06-15",
              "2015-05-01-preview"
            ],
            "apiProfiles": [
              {
                "profileVersion": "2017-03-09-profile",
                "apiVersion": "2016-03-30"
              },
              {
                "profileVersion": "2018-03-01-hybrid",
                "apiVersion": "2017-03-30"
              },
              {
                "profileVersion": "2018-06-01-profile",
                "apiVersion": "2017-12-01"
              }
            ],
            "capabilities": "None"
          },
          {
            "resourceType": "virtualMachineScaleSets/networkInterfaces",
            "locations": [
              "East US",
              "East US 2",
              "West US",
              "Central US",
              "North Central US",
              "South Central US",
              "North Europe",
              "West Europe",
              "East Asia",
              "Southeast Asia",
              "Japan East",
              "Japan West",
              "Australia East",
              "Australia Southeast",
              "Australia Central",
              "Brazil South",
              "South India",
              "Central India",
              "West India",
              "Canada Central",
              "Canada East",
              "West US 2",
              "West Central US",
              "UK South",
              "UK West",
              "Korea Central",
              "Korea South",
              "France Central",
              "South Africa North",
              "UAE North",
              "Switzerland North",
              "Germany West Central",
              "Norway East"
            ],
            "apiVersions": [
              "2021-03-01",
              "2020-12-01",
              "2020-06-01",
              "2019-12-01",
              "2019-07-01",
              "2019-03-01",
              "2018-10-01",
              "2018-06-01",
              "2018-04-01",
              "2017-12-01",
              "2017-03-30",
              "2016-09-01",
              "2016-08-01",
              "2016-07-01",
              "2016-06-01",
              "2016-04-30-preview",
              "2016-03-30",
              "2015-06-15",
              "2015-05-01-preview"
            ],
            "apiProfiles": [
              {
                "profileVersion": "2017-03-09-profile",
                "apiVersion": "2016-03-30"
              },
              {
                "profileVersion": "2018-03-01-hybrid",
                "apiVersion": "2017-03-30"
              },
              {
                "profileVersion": "2018-06-01-profile",
                "apiVersion": "2017-12-01"
              }
            ],
            "capabilities": "None"
          },
          {
            "resourceType": "virtualMachineScaleSets/virtualMachines/networkInterfaces",
            "locations": [
              "East US",
              "East US 2",
              "West US",
              "Central US",
              "North Central US",
              "South Central US",
              "North Europe",
              "West Europe",
              "East Asia",
              "Southeast Asia",
              "Japan East",
              "Japan West",
              "Australia East",
              "Australia Southeast",
              "Australia Central",
              "Brazil South",
              "South India",
              "Central India",
              "West India",
              "Canada Central",
              "Canada East",
              "West US 2",
              "West Central US",
              "UK South",
              "UK West",
              "Korea Central",
              "Korea South",
              "France Central",
              "South Africa North",
              "UAE North",
              "Switzerland North",
              "Germany West Central",
              "Norway East"
            ],
            "apiVersions": [
              "2021-03-01",
              "2020-12-01",
              "2020-06-01",
              "2019-12-01",
              "2019-07-01",
              "2019-03-01",
              "2018-10-01",
              "2018-06-01",
              "2018-04-01",
              "2017-12-01",
              "2017-03-30",
              "2016-09-01",
              "2016-08-01",
              "2016-07-01",
              "2016-06-01",
              "2016-04-30-preview",
              "2016-03-30",
              "2015-06-15",
              "2015-05-01-preview"
            ],
            "apiProfiles": [
              {
                "profileVersion": "2017-03-09-profile",
                "apiVersion": "2016-03-30"
              },
              {
                "profileVersion": "2018-03-01-hybrid",
                "apiVersion": "2017-03-30"
              },
              {
                "profileVersion": "2018-06-01-profile",
                "apiVersion": "2017-12-01"
              }
            ],
            "capabilities": "None"
          },
          {
            "resourceType": "virtualMachineScaleSets/publicIPAddresses",
            "locations": [
              "East US",
              "East US 2",
              "West US",
              "Central US",
              "North Central US",
              "South Central US",
              "North Europe",
              "West Europe",
              "East Asia",
              "Southeast Asia",
              "Japan East",
              "Japan West",
              "Australia East",
              "Australia Southeast",
              "Australia Central",
              "Brazil South",
              "South India",
              "Central India",
              "West India",
              "Canada Central",
              "Canada East",
              "West US 2",
              "West Central US",
              "UK South",
              "UK West",
              "Korea Central",
              "Korea South",
              "France Central",
              "South Africa North",
              "UAE North",
              "Switzerland North",
              "Germany West Central",
              "Norway East"
            ],
            "apiVersions": [
              "2021-03-01",
              "2020-12-01",
              "2020-06-01",
              "2019-12-01",
              "2019-07-01",
              "2019-03-01",
              "2018-10-01",
              "2018-06-01",
              "2018-04-01",
              "2017-12-01",
              "2017-03-30"
            ],
            "apiProfiles": [
              {
                "profileVersion": "2018-03-01-hybrid",
                "apiVersion": "2017-03-30"
              },
              {
                "profileVersion": "2018-06-01-profile",
                "apiVersion": "2017-12-01"
              }
            ],
            "capabilities": "None"
          },
          {
            "resourceType": "locations",
            "locations": [],
            "apiVersions": [
              "2021-03-01",
              "2020-12-01",
              "2020-06-01",
              "2019-12-01",
              "2019-07-01",
              "2019-03-01",
              "2018-10-01",
              "2018-06-01",
              "2018-04-01",
              "2017-12-01",
              "2017-03-30",
              "2016-08-30",
              "2016-04-30-preview",
              "2016-03-30",
              "2015-06-15",
              "2015-05-01-preview"
            ],
            "capabilities": "None"
          },
          {
            "resourceType": "locations/operations",
            "locations": [
              "East US",
              "East US 2",
              "West US",
              "Central US",
              "North Central US",
              "South Central US",
              "North Europe",
              "West Europe",
              "East Asia",
              "Southeast Asia",
              "Japan East",
              "Japan West",
              "Australia East",
              "Australia Southeast",
              "Australia Central",
              "Brazil South",
              "South India",
              "Central India",
              "West India",
              "Canada Central",
              "Canada East",
              "West US 2",
              "West Central US",
              "UK South",
              "UK West",
              "Korea Central",
              "Korea South",
              "France Central",
              "South Africa North",
              "UAE North",
              "Switzerland North",
              "Germany West Central",
              "Norway East"
            ],
            "apiVersions": [
              "2021-03-01",
              "2020-12-01",
              "2020-06-01",
              "2019-12-01",
              "2019-07-01",
              "2019-03-01",
              "2018-10-01",
              "2018-06-01",
              "2018-04-01",
              "2017-12-01",
              "2017-10-30-preview",
              "2017-03-30",
              "2016-08-30",
              "2016-04-30-preview",
              "2016-03-30",
              "2015-06-15",
              "2015-05-01-preview"
            ],
            "apiProfiles": [
              {
                "profileVersion": "2017-03-09-profile",
                "apiVersion": "2016-03-30"
              },
              {
                "profileVersion": "2018-03-01-hybrid",
                "apiVersion": "2017-03-30"
              },
              {
                "profileVersion": "2018-06-01-profile",
                "apiVersion": "2017-12-01"
              }
            ],
            "capabilities": "None"
          },
          {
            "resourceType": "locations/vmSizes",
            "locations": [
              "East US",
              "East US 2",
              "West US",
              "Central US",
              "North Central US",
              "South Central US",
              "North Europe",
              "West Europe",
              "East Asia",
              "Southeast Asia",
              "Japan East",
              "Japan West",
              "Australia East",
              "Australia Southeast",
              "Australia Central",
              "Brazil South",
              "South India",
              "Central India",
              "West India",
              "Canada Central",
              "Canada East",
              "West US 2",
              "West Central US",
              "UK South",
              "UK West",
              "Korea Central",
              "Korea South",
              "France Central",
              "South Africa North",
              "UAE North",
              "Switzerland North",
              "Germany West Central",
              "Norway East"
            ],
            "apiVersions": [
              "2021-03-01",
              "2020-12-01",
              "2020-06-01",
              "2019-12-01",
              "2019-07-01",
              "2019-03-01",
              "2018-10-01",
              "2018-06-01",
              "2018-04-01",
              "2017-12-01",
              "2017-03-30",
              "2016-08-30",
              "2016-04-30-preview",
              "2016-03-30",
              "2015-06-15",
              "2015-05-01-preview"
            ],
            "apiProfiles": [
              {
                "profileVersion": "2017-03-09-profile",
                "apiVersion": "2016-03-30"
              },
              {
                "profileVersion": "2018-03-01-hybrid",
                "apiVersion": "2017-03-30"
              },
              {
                "profileVersion": "2018-06-01-profile",
                "apiVersion": "2017-12-01"
              }
            ],
            "capabilities": "None"
          },
          {
            "resourceType": "locations/runCommands",
            "locations": [
              "East US",
              "East US 2",
              "West US",
              "Central US",
              "North Central US",
              "South Central US",
              "North Europe",
              "West Europe",
              "East Asia",
              "Southeast Asia",
              "Japan East",
              "Japan West",
              "Australia East",
              "Australia Southeast",
              "Australia Central",
              "Brazil South",
              "South India",
              "Central India",
              "West India",
              "Canada Central",
              "Canada East",
              "West US 2",
              "West Central US",
              "UK South",
              "UK West",
              "Korea Central",
              "Korea South",
              "France Central",
              "South Africa North",
              "UAE North",
              "Switzerland North",
              "Germany West Central",
              "Norway East"
            ],
            "apiVersions": [
              "2021-03-01",
              "2020-12-01",
              "2020-06-01",
              "2019-12-01",
              "2019-07-01",
              "2019-03-01",
              "2018-10-01",
              "2018-06-01",
              "2018-04-01",
              "2017-12-01",
              "2017-03-30"
            ],
            "apiProfiles": [
              {
                "profileVersion": "2018-03-01-hybrid",
                "apiVersion": "2017-03-30"
              },
              {
                "profileVersion": "2018-06-01-profile",
                "apiVersion": "2017-12-01"
              }
            ],
            "capabilities": "None"
          },
          {
            "resourceType": "locations/usages",
            "locations": [
              "East US",
              "East US 2",
              "West US",
              "Central US",
              "North Central US",
              "South Central US",
              "North Europe",
              "West Europe",
              "East Asia",
              "Southeast Asia",
              "Japan East",
              "Japan West",
              "Australia East",
              "Australia Southeast",
              "Australia Central",
              "Brazil South",
              "South India",
              "Central India",
              "West India",
              "Canada Central",
              "Canada East",
              "West US 2",
              "West Central US",
              "UK South",
              "UK West",
              "Korea Central",
              "Korea South",
              "France Central",
              "South Africa North",
              "UAE North",
              "Switzerland North",
              "Germany West Central",
              "Norway East"
            ],
            "apiVersions": [
              "2021-03-01",
              "2020-12-01",
              "2020-06-01",
              "2019-12-01",
              "2019-07-01",
              "2019-03-01",
              "2018-10-01",
              "2018-06-01",
              "2018-04-01",
              "2017-12-01",
              "2017-03-30",
              "2016-08-30",
              "2016-04-30-preview",
              "2016-03-30",
              "2015-06-15",
              "2015-05-01-preview"
            ],
            "apiProfiles": [
              {
                "profileVersion": "2017-03-09-profile",
                "apiVersion": "2016-03-30"
              },
              {
                "profileVersion": "2018-03-01-hybrid",
                "apiVersion": "2017-03-30"
              },
              {
                "profileVersion": "2018-06-01-profile",
                "apiVersion": "2017-12-01"
              }
            ],
            "capabilities": "None"
          },
          {
            "resourceType": "locations/virtualMachines",
            "locations": [
              "East US",
              "East US 2",
              "West US",
              "Central US",
              "North Central US",
              "South Central US",
              "North Europe",
              "West Europe",
              "East Asia",
              "Southeast Asia",
              "Japan East",
              "Japan West",
              "Australia East",
              "Australia Southeast",
              "Australia Central",
              "Brazil South",
              "South India",
              "Central India",
              "West India",
              "Canada Central",
              "Canada East",
              "West US 2",
              "West Central US",
              "UK South",
              "UK West",
              "Korea Central",
              "Korea South",
              "France Central",
              "South Africa North",
              "UAE North",
              "Switzerland North",
              "Germany West Central",
              "Norway East"
            ],
            "apiVersions": [
              "2021-03-01",
              "2020-12-01",
              "2020-06-01",
              "2019-12-01",
              "2019-07-01",
              "2019-03-01",
              "2018-10-01",
              "2018-06-01",
              "2018-04-01",
              "2017-12-01",
              "2017-03-30",
              "2016-08-30"
            ],
            "defaultApiVersion": "2020-06-01",
            "apiProfiles": [
              {
                "profileVersion": "2018-03-01-hybrid",
                "apiVersion": "2017-03-30"
              },
              {
                "profileVersion": "2018-06-01-profile",
                "apiVersion": "2017-12-01"
              }
            ],
            "capabilities": "None"
          },
          {
            "resourceType": "locations/virtualMachineScaleSets",
            "locations": [
              "East US",
              "East US 2",
              "West US",
              "Central US",
              "North Central US",
              "South Central US",
              "North Europe",
              "West Europe",
              "East Asia",
              "Southeast Asia",
              "Japan East",
              "Japan West",
              "Australia East",
              "Australia Southeast",
              "Australia Central",
              "Brazil South",
              "South India",
              "Central India",
              "West India",
              "Canada Central",
              "Canada East",
              "West US 2",
              "West Central US",
              "UK South",
              "UK West",
              "Korea Central",
              "Korea South",
              "France Central",
              "South Africa North",
              "UAE North",
              "Switzerland North",
              "Germany West Central",
              "Norway East"
            ],
            "apiVersions": [
              "2021-03-01",
              "2020-12-01",
              "2020-06-01",
              "2019-12-01",
              "2019-07-01",
              "2019-03-01",
              "2018-10-01",
              "2018-06-01",
              "2018-04-01",
              "2017-12-01",
              "2017-03-30",
              "2016-08-30"
            ],
            "defaultApiVersion": "2020-06-01",
            "apiProfiles": [
              {
                "profileVersion": "2018-03-01-hybrid",
                "apiVersion": "2017-03-30"
              },
              {
                "profileVersion": "2018-06-01-profile",
                "apiVersion": "2017-12-01"
              }
            ],
            "capabilities": "None"
          },
          {
            "resourceType": "locations/publishers",
            "locations": [
              "East US",
              "East US 2",
              "West US",
              "Central US",
              "North Central US",
              "South Central US",
              "North Europe",
              "West Europe",
              "East Asia",
              "Southeast Asia",
              "Japan East",
              "Japan West",
              "Australia East",
              "Australia Southeast",
              "Australia Central",
              "Brazil South",
              "South India",
              "Central India",
              "West India",
              "Canada Central",
              "Canada East",
              "West US 2",
              "West Central US",
              "UK South",
              "UK West",
              "Korea Central",
              "Korea South",
              "France Central",
              "South Africa North",
              "UAE North",
              "Switzerland North",
              "Germany West Central",
              "Norway East"
            ],
            "apiVersions": [
              "2021-03-01",
              "2020-12-01",
              "2020-09-30",
              "2020-06-01",
              "2019-12-01",
              "2019-07-01",
              "2019-03-01",
              "2018-10-01",
              "2018-06-01",
              "2018-04-01",
              "2017-12-01",
              "2017-03-30",
              "2016-08-30",
              "2016-04-30-preview",
              "2016-03-30",
              "2015-06-15",
              "2015-05-01-preview"
            ],
            "apiProfiles": [
              {
                "profileVersion": "2017-03-09-profile",
                "apiVersion": "2016-03-30"
              },
              {
                "profileVersion": "2018-03-01-hybrid",
                "apiVersion": "2017-03-30"
              },
              {
                "profileVersion": "2018-06-01-profile",
                "apiVersion": "2017-12-01"
              }
            ],
            "capabilities": "None"
          },
          {
            "resourceType": "operations",
            "locations": [
              "East US",
              "East US 2",
              "West US",
              "Central US",
              "North Central US",
              "South Central US",
              "North Europe",
              "West Europe",
              "East Asia",
              "Southeast Asia",
              "Japan East",
              "Japan West",
              "Australia East",
              "Australia Southeast",
              "Australia Central",
              "Brazil South",
              "South India",
              "Central India",
              "West India",
              "Canada Central",
              "Canada East",
              "West US 2",
              "West Central US",
              "UK South",
              "UK West",
              "Korea Central",
              "Korea South",
              "France Central",
              "South Africa North",
              "UAE North",
              "Switzerland North",
              "Germany West Central",
              "Norway East"
            ],
            "apiVersions": [
              "2021-03-01",
              "2020-12-01",
              "2020-06-01",
              "2019-12-01",
              "2019-07-01",
              "2019-03-01",
              "2018-10-01",
              "2018-06-01",
              "2018-04-01",
              "2017-12-01",
              "2017-03-30",
              "2016-08-30",
              "2016-03-30",
              "2015-06-15",
              "2015-05-01-preview"
            ],
            "capabilities": "None"
          },
          {
            "resourceType": "locations/edgeZones",
            "locations": [],
            "apiVersions": [
              "2020-12-01"
            ],
            "capabilities": "None"
          },
          {
            "resourceType": "locations/edgeZones/publishers",
            "locations": [
              "East US",
              "East US 2",
              "West US",
              "Central US",
              "North Central US",
              "South Central US",
              "North Europe",
              "West Europe",
              "East Asia",
              "Southeast Asia",
              "Japan East",
              "Japan West",
              "Australia East",
              "Australia Southeast",
              "Australia Central",
              "Brazil South",
              "South India",
              "Central India",
              "West India",
              "Canada Central",
              "Canada East",
              "West US 2",
              "West Central US",
              "UK South",
              "UK West",
              "Korea Central",
              "Korea South",
              "France Central",
              "South Africa North",
              "UAE North",
              "Switzerland North",
              "Germany West Central",
              "Norway East"
            ],
            "apiVersions": [
              "2020-12-01"
            ],
            "capabilities": "None"
          },
          {
            "resourceType": "restorePointCollections",
            "locations": [
              "Southeast Asia",
              "East US 2",
              "Central US",
              "West Europe",
              "East US",
              "North Central US",
              "South Central US",
              "West US",
              "North Europe",
              "East Asia",
              "Brazil South",
              "West US 2",
              "West Central US",
              "UK West",
              "UK South",
              "Japan East",
              "Japan West",
              "Canada Central",
              "Canada East",
              "Central India",
              "South India",
              "Australia East",
              "Australia Southeast",
              "Korea Central",
              "Korea South",
              "West India",
              "France Central",
              "South Africa North",
              "UAE North",
              "Australia Central",
              "Switzerland North",
              "Germany West Central",
              "Norway East"
            ],
            "apiVersions": [
              "2021-03-01",
              "2020-12-01",
              "2020-06-01",
              "2019-12-01",
              "2019-07-01",
              "2019-03-01",
              "2018-10-01",
              "2018-06-01",
              "2018-04-01",
              "2017-12-01",
              "2017-03-30"
            ],
            "defaultApiVersion": "2020-06-01",
            "capabilities": "SupportsTags, SupportsLocation"
          },
          {
            "resourceType": "restorePointCollections/restorePoints",
            "locations": [
              "Southeast Asia",
              "East US 2",
              "Central US",
              "West Europe",
              "East US",
              "North Central US",
              "South Central US",
              "West US",
              "North Europe",
              "East Asia",
              "Brazil South",
              "West US 2",
              "West Central US",
              "UK West",
              "UK South",
              "Japan East",
              "Japan West",
              "Canada Central",
              "Canada East",
              "Central India",
              "South India",
              "Australia East",
              "Australia Southeast",
              "Korea Central",
              "Korea South",
              "West India",
              "France Central",
              "South Africa North",
              "UAE North",
              "Australia Central",
              "Switzerland North",
              "Germany West Central",
              "Norway East"
            ],
            "apiVersions": [
              "2021-03-01",
              "2020-12-01",
              "2020-06-01",
              "2019-12-01",
              "2019-07-01",
              "2019-03-01",
              "2018-10-01",
              "2018-06-01",
              "2018-04-01",
              "2017-12-01",
              "2017-03-30"
            ],
            "capabilities": "None"
          },
          {
            "resourceType": "proximityPlacementGroups",
            "locations": [
              "East US",
              "East US 2",
              "West US",
              "Central US",
              "North Central US",
              "South Central US",
              "North Europe",
              "West Europe",
              "East Asia",
              "Southeast Asia",
              "Japan East",
              "Japan West",
              "Australia East",
              "Australia Southeast",
              "Australia Central",
              "Brazil South",
              "South India",
              "Central India",
              "West India",
              "Canada Central",
              "Canada East",
              "West US 2",
              "West Central US",
              "UK South",
              "UK West",
              "Korea Central",
              "Korea South",
              "France Central",
              "South Africa North",
              "UAE North",
              "Switzerland North",
              "Germany West Central",
              "Norway East"
            ],
            "apiVersions": [
              "2021-03-01",
              "2020-12-01",
              "2020-06-01",
              "2019-12-01",
              "2019-07-01",
              "2019-03-01",
              "2018-10-01",
              "2018-06-01",
              "2018-04-01"
            ],
            "defaultApiVersion": "2020-06-01",
            "capabilities": "CrossResourceGroupResourceMove, CrossSubscriptionResourceMove, SupportsTags, SupportsLocation"
          },
          {
            "resourceType": "sshPublicKeys",
            "locations": [
              "East US",
              "East US 2",
              "West US",
              "Central US",
              "North Central US",
              "South Central US",
              "North Europe",
              "West Europe",
              "East Asia",
              "Southeast Asia",
              "Japan East",
              "Japan West",
              "Australia East",
              "Australia Southeast",
              "Australia Central",
              "Brazil South",
              "South India",
              "Central India",
              "West India",
              "Canada Central",
              "Canada East",
              "West US 2",
              "West Central US",
              "UK South",
              "UK West",
              "Korea Central",
              "Korea South",
              "France Central",
              "South Africa North",
              "UAE North",
              "Switzerland North",
              "Germany West Central",
              "Norway East"
            ],
            "apiVersions": [
              "2021-03-01",
              "2020-12-01",
              "2020-06-01",
              "2019-12-01"
            ],
            "defaultApiVersion": "2020-06-01",
            "capabilities": "SupportsTags, SupportsLocation"
          },
          {
            "resourceType": "virtualMachines/metricDefinitions",
            "locations": [
              "East US",
              "East US 2",
              "West US",
              "Central US",
              "North Central US",
              "South Central US",
              "North Europe",
              "West Europe",
              "East Asia",
              "Southeast Asia",
              "Japan East",
              "Japan West",
              "Australia East",
              "Australia Southeast",
              "Australia Central",
              "Brazil South",
              "South India",
              "Central India",
              "West India",
              "Canada Central",
              "Canada East",
              "West US 2",
              "West Central US",
              "UK South",
              "UK West",
              "Korea Central",
              "Korea South",
              "France Central",
              "South Africa North",
              "UAE North",
              "Switzerland North",
              "Germany West Central",
              "Norway East"
            ],
            "apiVersions": [
              "2014-04-01"
            ],
            "capabilities": "None"
          },
          {
            "resourceType": "locations/spotEvictionRates",
            "locations": [
              "East US",
              "East US 2",
              "West US",
              "Central US",
              "North Central US",
              "South Central US",
              "North Europe",
              "West Europe",
              "East Asia",
              "Southeast Asia",
              "Japan East",
              "Japan West",
              "Australia East",
              "Australia Southeast",
              "Australia Central",
              "Brazil South",
              "South India",
              "Central India",
              "West India",
              "Canada Central",
              "Canada East",
              "West US 2",
              "West Central US",
              "UK South",
              "UK West",
              "Korea Central",
              "Korea South",
              "France Central",
              "South Africa North",
              "UAE North",
              "Switzerland North",
              "Germany West Central",
              "Norway East"
            ],
            "apiVersions": [
              "2021-03-01",
              "2020-12-01",
              "2020-06-01"
            ],
            "defaultApiVersion": "2020-06-01",
            "capabilities": "None"
          },
          {
            "resourceType": "locations/spotPriceHistory",
            "locations": [
              "East US",
              "East US 2",
              "West US",
              "Central US",
              "North Central US",
              "South Central US",
              "North Europe",
              "West Europe",
              "East Asia",
              "Southeast Asia",
              "Japan East",
              "Japan West",
              "Australia East",
              "Australia Southeast",
              "Australia Central",
              "Brazil South",
              "South India",
              "Central India",
              "West India",
              "Canada Central",
              "Canada East",
              "West US 2",
              "West Central US",
              "UK South",
              "UK West",
              "Korea Central",
              "Korea South",
              "France Central",
              "South Africa North",
              "UAE North",
              "Switzerland North",
              "Germany West Central",
              "Norway East"
            ],
            "apiVersions": [
              "2021-03-01",
              "2020-12-01",
              "2020-06-01"
            ],
            "defaultApiVersion": "2020-06-01",
            "capabilities": "None"
          },
          {
            "resourceType": "locations/sharedGalleries",
            "locations": [
              "East US",
              "East US 2",
              "West US",
              "Central US",
              "North Central US",
              "South Central US",
              "North Europe",
              "West Europe",
              "East Asia",
              "Southeast Asia",
              "Japan East",
              "Japan West",
              "Australia East",
              "Australia Southeast",
              "Australia Central",
              "Brazil South",
              "South India",
              "Central India",
              "West India",
              "Canada Central",
              "Canada East",
              "West US 2",
              "West Central US",
              "UK South",
              "UK West",
              "Korea Central",
              "Korea South",
              "France Central",
              "South Africa North",
              "UAE North",
              "Switzerland North",
              "Germany West Central",
              "Norway East"
            ],
            "apiVersions": [
              "2021-03-01",
              "2020-12-01",
              "2020-09-30",
              "2020-06-01",
              "2019-12-01",
              "2019-07-01",
              "2019-03-01",
              "2018-10-01",
              "2018-06-01",
              "2018-04-01",
              "2017-12-01",
              "2017-03-30",
              "2016-08-30",
              "2016-04-30-preview",
              "2016-03-30",
              "2015-06-15",
              "2015-05-01-preview"
            ],
            "apiProfiles": [
              {
                "profileVersion": "2017-03-09-profile",
                "apiVersion": "2016-03-30"
              },
              {
                "profileVersion": "2018-03-01-hybrid",
                "apiVersion": "2017-03-30"
              },
              {
                "profileVersion": "2018-06-01-profile",
                "apiVersion": "2017-12-01"
              }
            ],
            "capabilities": "None"
          },
          {
            "resourceType": "sharedVMImages",
            "locations": [
              "West Central US",
              "South Central US",
              "East US 2",
              "Southeast Asia",
              "West Europe",
              "West US",
              "East US",
              "Canada Central",
              "North Europe",
              "North Central US",
              "Brazil South",
              "UK West",
              "West India",
              "East Asia",
              "Australia East",
              "Japan East",
              "Korea South",
              "West US 2",
              "Canada East",
              "UK South",
              "Central India",
              "South India",
              "Australia Southeast",
              "Japan West",
              "Korea Central",
              "France Central",
              "Central US",
              "Australia Central"
            ],
            "apiVersions": [
              "2017-10-15-preview"
            ],
            "defaultApiVersion": "2017-10-15-preview",
            "capabilities": "SupportsTags, SupportsLocation"
          },
          {
            "resourceType": "sharedVMImages/versions",
            "locations": [
              "West Central US",
              "South Central US",
              "East US 2",
              "Southeast Asia",
              "West Europe",
              "West US",
              "East US",
              "Canada Central",
              "North Europe",
              "North Central US",
              "Brazil South",
              "UK West",
              "West India",
              "East Asia",
              "Australia East",
              "Japan East",
              "Korea South",
              "West US 2",
              "Canada East",
              "UK South",
              "Central India",
              "South India",
              "Australia Southeast",
              "Japan West",
              "Korea Central",
              "France Central",
              "Central US",
              "Australia Central"
            ],
            "apiVersions": [
              "2017-10-15-preview"
            ],
            "defaultApiVersion": "2017-10-15-preview",
            "capabilities": "SupportsTags, SupportsLocation"
          },
          {
            "resourceType": "locations/artifactPublishers",
            "locations": [
              "West Central US",
              "South Central US",
              "East US 2",
              "Southeast Asia",
              "West Europe",
              "West US",
              "East US",
              "Canada Central",
              "North Europe",
              "North Central US",
              "Brazil South",
              "UK West",
              "West India",
              "East Asia",
              "Australia East",
              "Japan East",
              "Korea South",
              "West US 2",
              "Canada East",
              "UK South",
              "Central India",
              "South India",
              "Australia Southeast",
              "Japan West",
              "Korea Central",
              "France Central",
              "Central US",
              "Australia Central"
            ],
            "apiVersions": [
              "2017-10-15-preview"
            ],
            "capabilities": "None"
          },
          {
            "resourceType": "locations/capsoperations",
            "locations": [
              "West Central US",
              "South Central US",
              "East US 2",
              "Southeast Asia",
              "West Europe",
              "West US",
              "East US",
              "Canada Central",
              "North Europe",
              "North Central US",
              "Brazil South",
              "UK West",
              "West India",
              "East Asia",
              "Australia East",
              "Japan East",
              "Korea South",
              "West US 2",
              "Canada East",
              "UK South",
              "Central India",
              "South India",
              "Australia Southeast",
              "Japan West",
              "Korea Central",
              "France Central",
              "Central US",
              "Australia Central",
              "South Africa North",
              "UAE North",
              "Switzerland North",
              "Germany West Central",
              "Norway East"
            ],
            "apiVersions": [
              "2020-09-30",
              "2019-12-01",
              "2019-07-01",
              "2019-03-01",
              "2018-06-01",
              "2017-10-15-preview"
            ],
            "capabilities": "None"
          },
          {
            "resourceType": "galleries",
            "locations": [
              "West Central US",
              "South Central US",
              "East US 2",
              "Southeast Asia",
              "West Europe",
              "West US",
              "East US",
              "Canada Central",
              "North Europe",
              "North Central US",
              "Brazil South",
              "UK West",
              "West India",
              "East Asia",
              "Australia East",
              "Japan East",
              "Korea South",
              "West US 2",
              "Canada East",
              "UK South",
              "Central India",
              "South India",
              "Australia Southeast",
              "Japan West",
              "Korea Central",
              "France Central",
              "Central US",
              "Australia Central",
              "South Africa North",
              "UAE North",
              "Switzerland North",
              "Germany West Central",
              "Norway East"
            ],
            "apiVersions": [
              "2020-09-30",
              "2019-12-01",
              "2019-07-01",
              "2019-03-01",
              "2018-06-01"
            ],
            "defaultApiVersion": "2018-06-01",
            "capabilities": "SupportsTags, SupportsLocation"
          },
          {
            "resourceType": "galleries/images",
            "locations": [
              "West Central US",
              "South Central US",
              "East US 2",
              "Southeast Asia",
              "West Europe",
              "West US",
              "East US",
              "Canada Central",
              "North Europe",
              "North Central US",
              "Brazil South",
              "UK West",
              "West India",
              "East Asia",
              "Australia East",
              "Japan East",
              "Korea South",
              "West US 2",
              "Canada East",
              "UK South",
              "Central India",
              "South India",
              "Australia Southeast",
              "Japan West",
              "Korea Central",
              "France Central",
              "Central US",
              "Australia Central",
              "South Africa North",
              "UAE North",
              "Switzerland North",
              "Germany West Central",
              "Norway East"
            ],
            "apiVersions": [
              "2020-09-30",
              "2019-12-01",
              "2019-07-01",
              "2019-03-01",
              "2018-06-01"
            ],
            "defaultApiVersion": "2018-06-01",
            "capabilities": "SupportsTags, SupportsLocation"
          },
          {
            "resourceType": "galleries/images/versions",
            "locations": [
              "West Central US",
              "South Central US",
              "East US 2",
              "Southeast Asia",
              "West Europe",
              "West US",
              "East US",
              "Canada Central",
              "North Europe",
              "North Central US",
              "Brazil South",
              "UK West",
              "West India",
              "East Asia",
              "Australia East",
              "Japan East",
              "Korea South",
              "West US 2",
              "Canada East",
              "UK South",
              "Central India",
              "South India",
              "Australia Southeast",
              "Japan West",
              "Korea Central",
              "France Central",
              "Central US",
              "Australia Central",
              "South Africa North",
              "UAE North",
              "Switzerland North",
              "Germany West Central",
              "Norway East"
            ],
            "apiVersions": [
              "2020-09-30",
              "2019-12-01",
              "2019-07-01",
              "2019-03-01",
              "2018-06-01"
            ],
            "defaultApiVersion": "2018-06-01",
            "capabilities": "SupportsTags, SupportsLocation"
          },
          {
            "resourceType": "locations/galleries",
            "locations": [
              "West Central US",
              "South Central US",
              "East US 2",
              "Southeast Asia",
              "West Europe",
              "West US",
              "East US",
              "Canada Central",
              "North Europe",
              "North Central US",
              "Brazil South",
              "UK West",
              "West India",
              "East Asia",
              "Australia East",
              "Japan East",
              "Korea South",
              "West US 2",
              "Canada East",
              "UK South",
              "Central India",
              "South India",
              "Australia Southeast",
              "Japan West",
              "Korea Central",
              "France Central",
              "Central US",
              "Australia Central",
              "South Africa North",
              "UAE North",
              "Switzerland North",
              "Germany West Central",
              "Norway East"
            ],
            "apiVersions": [
              "2020-09-30",
              "2019-12-01",
              "2019-07-01",
              "2019-03-01",
              "2018-06-01"
            ],
            "defaultApiVersion": "2018-06-01",
            "capabilities": "None"
          },
          {
            "resourceType": "disks",
            "locations": [
              "Southeast Asia",
              "East US 2",
              "Central US",
              "West Europe",
              "East US",
              "North Central US",
              "South Central US",
              "West US",
              "North Europe",
              "East Asia",
              "Brazil South",
              "West US 2",
              "West Central US",
              "UK West",
              "UK South",
              "Japan East",
              "Japan West",
              "Canada Central",
              "Canada East",
              "Central India",
              "South India",
              "Australia East",
              "Australia Southeast",
              "Korea Central",
              "Korea South",
              "West India",
              "France Central",
              "South Africa North",
              "UAE North",
              "Australia Central",
              "Switzerland North",
              "Germany West Central",
              "Norway East"
            ],
            "apiVersions": [
              "2020-12-01",
              "2020-09-30",
              "2020-06-30",
              "2020-05-01",
              "2019-11-01",
              "2019-07-01",
              "2019-03-01",
              "2018-09-30",
              "2018-06-01",
              "2018-04-01",
              "2017-03-30",
              "2016-04-30-preview"
            ],
            "defaultApiVersion": "2020-06-30",
            "apiProfiles": [
              {
                "profileVersion": "2018-03-01-hybrid",
                "apiVersion": "2017-03-30"
              },
              {
                "profileVersion": "2018-06-01-profile",
                "apiVersion": "2018-04-01"
              }
            ],
            "zoneMappings": [
              {
                "location": "East US 2",
                "zones": [
                  "2",
                  "1",
                  "3"
                ]
              },
              {
                "location": "Central US",
                "zones": [
                  "2",
                  "1",
                  "3"
                ]
              },
              {
                "location": "West Europe",
                "zones": [
                  "2",
                  "1",
                  "3"
                ]
              },
              {
                "location": "France Central",
                "zones": [
                  "2",
                  "1",
                  "3"
                ]
              },
              {
                "location": "Southeast Asia",
                "zones": [
                  "2",
                  "1",
                  "3"
                ]
              },
              {
                "location": "West US 2",
                "zones": [
                  "2",
                  "1",
                  "3"
                ]
              },
              {
                "location": "North Europe",
                "zones": [
                  "2",
                  "1",
                  "3"
                ]
              },
              {
                "location": "East US",
                "zones": [
                  "2",
                  "1",
                  "3"
                ]
              },
              {
                "location": "UK South",
                "zones": [
                  "2",
                  "1",
                  "3"
                ]
              },
              {
                "location": "Japan East",
                "zones": [
                  "2",
                  "1",
                  "3"
                ]
              },
              {
                "location": "Australia East",
                "zones": [
                  "2",
                  "1",
                  "3"
                ]
              },
              {
                "location": "South Africa North",
                "zones": []
              },
              {
                "location": "South Central US",
                "zones": [
                  "2",
                  "1",
                  "3"
                ]
              },
              {
                "location": "Canada Central",
                "zones": [
                  "2",
                  "1",
                  "3"
                ]
              },
              {
                "location": "Germany West Central",
                "zones": [
                  "2",
                  "1",
                  "3"
                ]
              },
              {
                "location": "Brazil South",
                "zones": [
                  "2",
                  "1",
                  "3"
                ]
              },
              {
                "location": "Central India",
                "zones": []
              },
              {
                "location": "Korea Central",
                "zones": []
              },
              {
                "location": "Norway East",
                "zones": []
              }
            ],
            "capabilities": "CrossResourceGroupResourceMove, CrossSubscriptionResourceMove, SupportsTags, SupportsLocation"
          },
          {
            "resourceType": "snapshots",
            "locations": [
              "Southeast Asia",
              "East US 2",
              "Central US",
              "West Europe",
              "East US",
              "North Central US",
              "South Central US",
              "West US",
              "North Europe",
              "East Asia",
              "Brazil South",
              "West US 2",
              "West Central US",
              "UK West",
              "UK South",
              "Japan East",
              "Japan West",
              "Canada Central",
              "Canada East",
              "Central India",
              "South India",
              "Australia East",
              "Australia Southeast",
              "Korea Central",
              "Korea South",
              "West India",
              "France Central",
              "South Africa North",
              "UAE North",
              "Australia Central",
              "Switzerland North",
              "Germany West Central",
              "Norway East"
            ],
            "apiVersions": [
              "2020-12-01",
              "2020-09-30",
              "2020-06-30",
              "2020-05-01",
              "2019-11-01",
              "2019-07-01",
              "2019-03-01",
              "2018-09-30",
              "2018-06-01",
              "2018-04-01",
              "2017-03-30",
              "2016-04-30-preview"
            ],
            "defaultApiVersion": "2020-06-30",
            "apiProfiles": [
              {
                "profileVersion": "2018-03-01-hybrid",
                "apiVersion": "2017-03-30"
              },
              {
                "profileVersion": "2018-06-01-profile",
                "apiVersion": "2018-04-01"
              }
            ],
            "capabilities": "CrossResourceGroupResourceMove, CrossSubscriptionResourceMove, SupportsTags, SupportsLocation"
          },
          {
            "resourceType": "locations/diskoperations",
            "locations": [
              "Southeast Asia",
              "East US 2",
              "Central US",
              "West Europe",
              "East US",
              "North Central US",
              "South Central US",
              "West US",
              "North Europe",
              "East Asia",
              "Brazil South",
              "West US 2",
              "West Central US",
              "UK West",
              "UK South",
              "Japan East",
              "Japan West",
              "Canada Central",
              "Canada East",
              "Central India",
              "South India",
              "Australia East",
              "Australia Southeast",
              "Korea Central",
              "Korea South",
              "West India",
              "France Central",
              "South Africa North",
              "UAE North",
              "Australia Central",
              "Switzerland North",
              "Germany West Central",
              "Norway East"
            ],
            "apiVersions": [
              "2020-12-01",
              "2020-09-30",
              "2020-06-30",
              "2020-05-01",
              "2019-11-01",
              "2019-07-01",
              "2019-03-01",
              "2018-09-30",
              "2018-06-01",
              "2018-04-01",
              "2017-03-30",
              "2016-04-30-preview"
            ],
            "apiProfiles": [
              {
                "profileVersion": "2018-03-01-hybrid",
                "apiVersion": "2017-03-30"
              },
              {
                "profileVersion": "2018-06-01-profile",
                "apiVersion": "2018-04-01"
              }
            ],
            "capabilities": "None"
          },
          {
            "resourceType": "diskEncryptionSets",
            "locations": [
              "Southeast Asia",
              "East US 2",
              "Central US",
              "West Europe",
              "East US",
              "North Central US",
              "South Central US",
              "West US",
              "North Europe",
              "East Asia",
              "Brazil South",
              "West US 2",
              "West Central US",
              "UK West",
              "UK South",
              "Japan East",
              "Japan West",
              "Canada Central",
              "Canada East",
              "Central India",
              "South India",
              "Australia East",
              "Australia Southeast",
              "Korea Central",
              "Korea South",
              "West India",
              "France Central",
              "South Africa North",
              "UAE North",
              "Australia Central",
              "Switzerland North",
              "Germany West Central",
              "Norway East"
            ],
            "apiVersions": [
              "2020-12-01",
              "2020-09-30",
              "2020-06-30",
              "2020-05-01",
              "2019-11-01",
              "2019-07-01"
            ],
            "defaultApiVersion": "2020-06-30",
            "capabilities": "SystemAssignedResourceIdentity, SupportsTags, SupportsLocation"
          },
          {
            "resourceType": "diskAccesses",
            "locations": [
              "Southeast Asia",
              "East US 2",
              "Central US",
              "West Europe",
              "East US",
              "North Central US",
              "South Central US",
              "West US",
              "North Europe",
              "East Asia",
              "Brazil South",
              "West US 2",
              "West Central US",
              "UK West",
              "UK South",
              "Japan East",
              "Japan West",
              "Canada Central",
              "Canada East",
              "Central India",
              "South India",
              "Australia East",
              "Australia Southeast",
              "Korea Central",
              "Korea South",
              "West India",
              "France Central",
              "South Africa North",
              "UAE North",
              "Australia Central",
              "Switzerland North",
              "Germany West Central",
              "Norway East"
            ],
            "apiVersions": [
              "2020-12-01",
              "2020-09-30",
              "2020-06-30",
              "2020-05-01"
            ],
            "defaultApiVersion": "2020-06-30",
            "capabilities": "SupportsTags, SupportsLocation"
          },
          {
            "resourceType": "images",
            "locations": [
              "Southeast Asia",
              "East US 2",
              "Central US",
              "West Europe",
              "East US",
              "North Central US",
              "South Central US",
              "West US",
              "North Europe",
              "East Asia",
              "Brazil South",
              "West US 2",
              "West Central US",
              "UK West",
              "UK South",
              "Japan East",
              "Japan West",
              "Canada Central",
              "Canada East",
              "Central India",
              "South India",
              "Australia East",
              "Australia Southeast",
              "Korea Central",
              "Korea South",
              "West India",
              "France Central",
              "South Africa North",
              "UAE North",
              "Australia Central",
              "Switzerland North",
              "Germany West Central",
              "Norway East"
            ],
            "apiVersions": [
              "2021-03-01",
              "2020-12-01",
              "2020-06-01",
              "2019-12-01",
              "2019-07-01",
              "2019-03-01",
              "2018-10-01",
              "2018-06-01",
              "2018-04-01",
              "2017-12-01",
              "2017-03-30",
              "2016-08-30",
              "2016-04-30-preview"
            ],
            "defaultApiVersion": "2020-06-01",
            "apiProfiles": [
              {
                "profileVersion": "2018-03-01-hybrid",
                "apiVersion": "2017-03-30"
              },
              {
                "profileVersion": "2018-06-01-profile",
                "apiVersion": "2018-04-01"
              }
            ],
            "capabilities": "CrossResourceGroupResourceMove, CrossSubscriptionResourceMove, SupportsTags, SupportsLocation"
          },
          {
            "resourceType": "locations/logAnalytics",
            "locations": [
              "East US",
              "East US 2",
              "West US",
              "Central US",
              "North Central US",
              "South Central US",
              "North Europe",
              "West Europe",
              "East Asia",
              "Southeast Asia",
              "Japan East",
              "Japan West",
              "Australia East",
              "Australia Southeast",
              "Australia Central",
              "Brazil South",
              "South India",
              "Central India",
              "West India",
              "Canada Central",
              "Canada East",
              "West US 2",
              "West Central US",
              "UK South",
              "UK West",
              "Korea Central",
              "Korea South",
              "France Central",
              "South Africa North",
              "UAE North",
              "Switzerland North",
              "Germany West Central",
              "Norway East"
            ],
            "apiVersions": [
              "2021-03-01",
              "2020-12-01",
              "2020-06-01",
              "2019-12-01",
              "2019-07-01",
              "2019-03-01",
              "2018-10-01",
              "2018-06-01",
              "2018-04-01",
              "2017-12-01"
            ],
            "capabilities": "None"
          },
          {
            "resourceType": "hostGroups",
            "locations": [
              "Central US",
              "East US 2",
              "West Europe",
              "Southeast Asia",
              "France Central",
              "North Europe",
              "West US 2",
              "East US",
              "UK South",
              "Japan East",
              "Japan West",
              "East Asia",
              "North Central US",
              "South Central US",
              "Canada East",
              "Korea Central",
              "Brazil South",
              "UK West",
              "Canada Central",
              "West US",
              "West Central US",
              "Central India",
              "South India",
              "Australia Southeast",
              "Korea South",
              "West India",
              "South Africa North",
              "UAE North",
              "Australia Central",
              "Switzerland North",
              "Germany West Central",
              "Norway East",
              "Australia East"
            ],
            "apiVersions": [
              "2021-03-01",
              "2020-12-01",
              "2020-06-01",
              "2019-12-01",
              "2019-07-01",
              "2019-03-01",
              "2018-10-01"
            ],
            "defaultApiVersion": "2020-06-01",
            "zoneMappings": [
              {
                "location": "East US 2",
                "zones": [
                  "2",
                  "1",
                  "3"
                ]
              },
              {
                "location": "Central US",
                "zones": [
                  "2",
                  "1",
                  "3"
                ]
              },
              {
                "location": "West Europe",
                "zones": [
                  "2",
                  "1",
                  "3"
                ]
              },
              {
                "location": "France Central",
                "zones": [
                  "2",
                  "1",
                  "3"
                ]
              },
              {
                "location": "Southeast Asia",
                "zones": [
                  "2",
                  "1",
                  "3"
                ]
              },
              {
                "location": "West US 2",
                "zones": [
                  "2",
                  "1",
                  "3"
                ]
              },
              {
                "location": "North Europe",
                "zones": [
                  "2",
                  "1",
                  "3"
                ]
              },
              {
                "location": "East US",
                "zones": [
                  "2",
                  "1",
                  "3"
                ]
              },
              {
                "location": "UK South",
                "zones": [
                  "2",
                  "1",
                  "3"
                ]
              },
              {
                "location": "Japan East",
                "zones": [
                  "2",
                  "1",
                  "3"
                ]
              },
              {
                "location": "Australia East",
                "zones": [
                  "2",
                  "1",
                  "3"
                ]
              },
              {
                "location": "South Africa North",
                "zones": []
              },
              {
                "location": "South Central US",
                "zones": [
                  "2",
                  "1",
                  "3"
                ]
              },
              {
                "location": "Canada Central",
                "zones": [
                  "2",
                  "1",
                  "3"
                ]
              },
              {
                "location": "Germany West Central",
                "zones": [
                  "2",
                  "1",
                  "3"
                ]
              },
              {
                "location": "Brazil South",
                "zones": [
                  "2",
                  "1",
                  "3"
                ]
              },
              {
                "location": "Central India",
                "zones": []
              },
              {
                "location": "Korea Central",
                "zones": []
              },
              {
                "location": "Norway East",
                "zones": []
              }
            ],
            "capabilities": "SupportsTags, SupportsLocation"
          },
          {
            "resourceType": "hostGroups/hosts",
            "locations": [
              "Central US",
              "East US 2",
              "West Europe",
              "Southeast Asia",
              "France Central",
              "North Europe",
              "West US 2",
              "East US",
              "UK South",
              "Japan East",
              "Japan West",
              "East Asia",
              "North Central US",
              "South Central US",
              "Canada East",
              "Korea Central",
              "Brazil South",
              "UK West",
              "Canada Central",
              "West US",
              "West Central US",
              "Central India",
              "South India",
              "Australia Southeast",
              "Korea South",
              "West India",
              "South Africa North",
              "UAE North",
              "Australia Central",
              "Switzerland North",
              "Germany West Central",
              "Norway East",
              "Australia East"
            ],
            "apiVersions": [
              "2021-03-01",
              "2020-12-01",
              "2020-06-01",
              "2019-12-01",
              "2019-07-01",
              "2019-03-01",
              "2018-10-01"
            ],
            "defaultApiVersion": "2020-06-01",
            "zoneMappings": [
              {
                "location": "East US 2",
                "zones": [
                  "2",
                  "1",
                  "3"
                ]
              },
              {
                "location": "Central US",
                "zones": [
                  "2",
                  "1",
                  "3"
                ]
              },
              {
                "location": "West Europe",
                "zones": [
                  "2",
                  "1",
                  "3"
                ]
              },
              {
                "location": "France Central",
                "zones": [
                  "2",
                  "1",
                  "3"
                ]
              },
              {
                "location": "Southeast Asia",
                "zones": [
                  "2",
                  "1",
                  "3"
                ]
              },
              {
                "location": "West US 2",
                "zones": [
                  "2",
                  "1",
                  "3"
                ]
              },
              {
                "location": "North Europe",
                "zones": [
                  "2",
                  "1",
                  "3"
                ]
              },
              {
                "location": "East US",
                "zones": [
                  "2",
                  "1",
                  "3"
                ]
              },
              {
                "location": "UK South",
                "zones": [
                  "2",
                  "1",
                  "3"
                ]
              },
              {
                "location": "Japan East",
                "zones": [
                  "2",
                  "1",
                  "3"
                ]
              },
              {
                "location": "Australia East",
                "zones": [
                  "2",
                  "1",
                  "3"
                ]
              },
              {
                "location": "South Africa North",
                "zones": []
              },
              {
                "location": "South Central US",
                "zones": [
                  "2",
                  "1",
                  "3"
                ]
              },
              {
                "location": "Canada Central",
                "zones": [
                  "2",
                  "1",
                  "3"
                ]
              },
              {
                "location": "Germany West Central",
                "zones": [
                  "2",
                  "1",
                  "3"
                ]
              },
              {
                "location": "Brazil South",
                "zones": [
                  "2",
                  "1",
                  "3"
                ]
              },
              {
                "location": "Central India",
                "zones": []
              },
              {
                "location": "Korea Central",
                "zones": []
              },
              {
                "location": "Norway East",
                "zones": []
              }
            ],
            "capabilities": "SupportsTags, SupportsLocation"
          }
        ],
        "registrationState": "Registered",
        "registrationPolicy": "RegistrationRequired"
      }
    },
    {
      "RequestUri": "https://management.azure.com/subscriptions/db1ab6f0-4769-4b27-930e-01e2ef9c123c/resourceGroups/testRg-4875/providers/Microsoft.Compute/availabilitySets/testavset?api-version=2021-03-01",
      "RequestMethod": "GET",
      "RequestHeaders": {
        "Accept": "application/json",
        "Authorization": "Sanitized",
        "User-Agent": [
          "azsdk-net-ResourceManager.Resources/1.0.0-preview.2",
          "(.NET 5.0.4; Linux 5.4.72-microsoft-standard-WSL2 #1 SMP Wed Oct 28 23:40:43 UTC 2020)"
        ],
        "x-ms-client-request-id": "74a783d504ba8bc0bc0970627613ea17",
        "x-ms-return-client-request-id": "true"
      },
      "RequestBody": null,
      "StatusCode": 404,
      "ResponseHeaders": {
        "Cache-Control": "no-cache",
        "Content-Length": "227",
        "Content-Type": "application/json; charset=utf-8",
        "Date": "Fri, 26 Mar 2021 19:28:07 GMT",
        "Expires": "-1",
        "Pragma": "no-cache",
        "Strict-Transport-Security": "max-age=31536000; includeSubDomains",
        "X-Content-Type-Options": "nosniff",
        "x-ms-correlation-request-id": "6714e9ec-e91f-4f50-8f0c-ea5038ba034c",
        "x-ms-failure-cause": "gateway",
        "x-ms-request-id": "6714e9ec-e91f-4f50-8f0c-ea5038ba034c",
        "x-ms-routing-request-id": "WESTUS2:20210326T192807Z:6714e9ec-e91f-4f50-8f0c-ea5038ba034c"
      },
      "ResponseBody": {
        "error": {
          "code": "ResourceNotFound",
          "message": "The Resource \u0027Microsoft.Compute/availabilitySets/testavset\u0027 under resource group \u0027testRg-4875\u0027 was not found. For more details please go to https://aka.ms/ARMResourceNotFoundFix"
        }
      }
    }
  ],
  "Variables": {
    "RandomSeed": "527375270",
    "SUBSCRIPTION_ID": "db1ab6f0-4769-4b27-930e-01e2ef9c123c"
  }
}